// Jest Snapshot v1, https://goo.gl/fbAQLP

exports[`renders correctly 1`] = `
<div
  className="MuiBox-root css-8atqhb"
>
  <div
    className="MuiBox-root css-1gsv261"
  >
    <div
      className="MuiTabs-root css-yiej45-MuiTabs-root"
    >
      <div
        className="MuiTabs-scroller MuiTabs-fixed css-jpln7h-MuiTabs-scroller"
        style={
          {
            "marginBottom": -0,
            "overflow": "hidden",
          }
        }
      >
        <div
          aria-label="Dashboard tabs"
          aria-orientation={null}
          className="MuiTabs-flexContainer css-heg063-MuiTabs-flexContainer"
          onKeyDown={[Function]}
          role="tablist"
        >
          <button
            aria-controls="simple-tabpanel-0"
            aria-selected={true}
            className="MuiButtonBase-root MuiTab-root MuiTab-textColorPrimary Mui-selected css-1h9z7r5-MuiButtonBase-root-MuiTab-root"
            disabled={false}
            id="simple-tab-0"
            onBlur={[Function]}
            onClick={[Function]}
            onContextMenu={[Function]}
            onDragLeave={[Function]}
            onFocus={[Function]}
            onKeyDown={[Function]}
            onKeyUp={[Function]}
            onMouseDown={[Function]}
            onMouseLeave={[Function]}
            onMouseUp={[Function]}
            onTouchEnd={[Function]}
            onTouchMove={[Function]}
            onTouchStart={[Function]}
            role="tab"
            style={
              {
                "fontSize": ".6em",
                "textAlign": "justify",
                "width": "min-content",
              }
            }
            tabIndex={0}
            type="button"
          >
            Lifestage
            <span
              className="MuiTabs-indicator css-1aquho2-MuiTabs-indicator"
              style={{}}
            />
          </button>
          <button
            aria-controls="simple-tabpanel-1"
            aria-selected={false}
            className="MuiButtonBase-root MuiTab-root MuiTab-textColorPrimary css-1h9z7r5-MuiButtonBase-root-MuiTab-root"
            disabled={false}
            id="simple-tab-1"
            onBlur={[Function]}
            onClick={[Function]}
            onContextMenu={[Function]}
            onDragLeave={[Function]}
            onFocus={[Function]}
            onKeyDown={[Function]}
            onKeyUp={[Function]}
            onMouseDown={[Function]}
            onMouseLeave={[Function]}
            onMouseUp={[Function]}
            onTouchEnd={[Function]}
            onTouchMove={[Function]}
            onTouchStart={[Function]}
            role="tab"
            style={
              {
                "fontSize": ".6em",
                "textAlign": "justify",
                "width": "min-content",
              }
            }
            tabIndex={-1}
            type="button"
          >
            Lifestage Description
          </button>
          <button
            aria-controls="simple-tabpanel-2"
            aria-selected={false}
            className="MuiButtonBase-root MuiTab-root MuiTab-textColorPrimary css-1h9z7r5-MuiButtonBase-root-MuiTab-root"
            disabled={false}
            id="simple-tab-2"
            onBlur={[Function]}
            onClick={[Function]}
            onContextMenu={[Function]}
            onDragLeave={[Function]}
            onFocus={[Function]}
            onKeyDown={[Function]}
            onKeyUp={[Function]}
            onMouseDown={[Function]}
            onMouseLeave={[Function]}
            onMouseUp={[Function]}
            onTouchEnd={[Function]}
            onTouchMove={[Function]}
            onTouchStart={[Function]}
            role="tab"
            style={
              {
                "fontSize": ".6em",
                "textAlign": "justify",
                "width": "min-content",
              }
            }
            tabIndex={-1}
            type="button"
          >
            Creator
          </button>
          <button
            aria-controls="simple-tabpanel-3"
            aria-selected={false}
            className="MuiButtonBase-root MuiTab-root MuiTab-textColorPrimary css-1h9z7r5-MuiButtonBase-root-MuiTab-root"
            disabled={false}
            id="simple-tab-3"
            onBlur={[Function]}
            onClick={[Function]}
            onContextMenu={[Function]}
            onDragLeave={[Function]}
            onFocus={[Function]}
            onKeyDown={[Function]}
            onKeyUp={[Function]}
            onMouseDown={[Function]}
            onMouseLeave={[Function]}
            onMouseUp={[Function]}
            onTouchEnd={[Function]}
            onTouchMove={[Function]}
            onTouchStart={[Function]}
            role="tab"
            style={
              {
                "fontSize": ".6em",
                "textAlign": "justify",
                "width": "min-content",
              }
            }
            tabIndex={-1}
            type="button"
          >
            Publisher
          </button>
          <button
            aria-controls="simple-tabpanel-4"
            aria-selected={false}
            className="MuiButtonBase-root MuiTab-root MuiTab-textColorPrimary css-1h9z7r5-MuiButtonBase-root-MuiTab-root"
            disabled={false}
            id="simple-tab-4"
            onBlur={[Function]}
            onClick={[Function]}
            onContextMenu={[Function]}
            onDragLeave={[Function]}
            onFocus={[Function]}
            onKeyDown={[Function]}
            onKeyUp={[Function]}
            onMouseDown={[Function]}
            onMouseLeave={[Function]}
            onMouseUp={[Function]}
            onTouchEnd={[Function]}
            onTouchMove={[Function]}
            onTouchStart={[Function]}
            role="tab"
            style={
              {
                "fontSize": ".6em",
                "textAlign": "justify",
                "width": "min-content",
              }
            }
            tabIndex={-1}
            type="button"
          >
            Analysis Unit
          </button>
          <button
            aria-controls="simple-tabpanel-5"
            aria-selected={false}
            className="MuiButtonBase-root MuiTab-root MuiTab-textColorPrimary css-1h9z7r5-MuiButtonBase-root-MuiTab-root"
            disabled={false}
            id="simple-tab-5"
            onBlur={[Function]}
            onClick={[Function]}
            onContextMenu={[Function]}
            onDragLeave={[Function]}
            onFocus={[Function]}
            onKeyDown={[Function]}
            onKeyUp={[Function]}
            onMouseDown={[Function]}
            onMouseLeave={[Function]}
            onMouseUp={[Function]}
            onTouchEnd={[Function]}
            onTouchMove={[Function]}
            onTouchStart={[Function]}
            role="tab"
            style={
              {
                "fontSize": ".6em",
                "textAlign": "justify",
                "width": "min-content",
              }
            }
            tabIndex={-1}
            type="button"
          >
            Kind Of Data
          </button>
          <button
            aria-controls="simple-tabpanel-6"
            aria-selected={false}
            className="MuiButtonBase-root MuiTab-root MuiTab-textColorPrimary css-1h9z7r5-MuiButtonBase-root-MuiTab-root"
            disabled={false}
            id="simple-tab-6"
            onBlur={[Function]}
            onClick={[Function]}
            onContextMenu={[Function]}
            onDragLeave={[Function]}
            onFocus={[Function]}
            onKeyDown={[Function]}
            onKeyUp={[Function]}
            onMouseDown={[Function]}
            onMouseLeave={[Function]}
            onMouseUp={[Function]}
            onTouchEnd={[Function]}
            onTouchMove={[Function]}
            onTouchStart={[Function]}
            role="tab"
            style={
              {
                "fontSize": ".6em",
                "textAlign": "justify",
                "width": "min-content",
              }
            }
            tabIndex={-1}
            type="button"
          >
            Country
          </button>
          <button
            aria-controls="simple-tabpanel-7"
            aria-selected={false}
            className="MuiButtonBase-root MuiTab-root MuiTab-textColorPrimary css-1h9z7r5-MuiButtonBase-root-MuiTab-root"
            disabled={false}
            id="simple-tab-7"
            onBlur={[Function]}
            onClick={[Function]}
            onContextMenu={[Function]}
            onDragLeave={[Function]}
            onFocus={[Function]}
            onKeyDown={[Function]}
            onKeyUp={[Function]}
            onMouseDown={[Function]}
            onMouseLeave={[Function]}
            onMouseUp={[Function]}
            onTouchEnd={[Function]}
            onTouchMove={[Function]}
            onTouchStart={[Function]}
            role="tab"
            style={
              {
                "fontSize": ".6em",
                "textAlign": "justify",
                "width": "min-content",
              }
            }
            tabIndex={-1}
            type="button"
          >
            Mode of Collection
          </button>
          <button
            aria-controls="simple-tabpanel-8"
            aria-selected={false}
            className="MuiButtonBase-root MuiTab-root MuiTab-textColorPrimary css-1h9z7r5-MuiButtonBase-root-MuiTab-root"
            disabled={false}
            id="simple-tab-8"
            onBlur={[Function]}
            onClick={[Function]}
            onContextMenu={[Function]}
            onDragLeave={[Function]}
            onFocus={[Function]}
            onKeyDown={[Function]}
            onKeyUp={[Function]}
            onMouseDown={[Function]}
            onMouseLeave={[Function]}
            onMouseUp={[Function]}
            onTouchEnd={[Function]}
            onTouchMove={[Function]}
            onTouchStart={[Function]}
            role="tab"
            style={
              {
                "fontSize": ".6em",
                "textAlign": "justify",
                "width": "min-content",
              }
            }
            tabIndex={-1}
            type="button"
          >
            Type of Mode of Collection
          </button>
        </div>
      </div>
    </div>
  </div>
  <div
    style={
      {
        "display": "flex",
        "flexDirection": "row",
      }
    }
  >
    <div
      style={
        {
          "width": "60%",
        }
      }
    >
      <div
        aria-labelledby="simple-tab-0"
        hidden={false}
        id="simple-tabpanel-0"
        role="tabpanel"
      >
        <div
          className="MuiBox-root css-19kzrtu"
        >
          <div>
            <table
              table-layout="fixed"
              width="100%"
            >
              <thead>
                <tr>
                  <th
                    align="left"
                  >
                    Lifestage
                  </th>
                </tr>
              </thead>
              <tbody>
                <tr>
                  <td
                    align="left"
                    onClick={[Function]}
                    width="80%"
                  >
                    <a
                      role="button"
                      tabIndex="0"
                      title="Click here to view links to items containing 'Adolescence'"
                    >
                      Adolescence
                    </a>
                  </td>
                  <td
                    align="left"
                    onClick={null}
                    width="20%"
                  >
                    2
                  </td>
                </tr>
                <tr>
                  <td
                    align="left"
                    onClick={[Function]}
                    width="80%"
                  >
                    <a
                      role="button"
                      tabIndex="0"
                      title="Click here to view links to items containing 'Third age'"
                    >
                      Third age
                    </a>
                  </td>
                  <td
                    align="left"
                    onClick={null}
                    width="20%"
                  >
                    1
                  </td>
                </tr>
              </tbody>
            </table>
          </div>
        </div>
      </div>
    </div>
    <div
      style={
        {
          "flex": "1 1 100%",
        }
      }
    />
  </div>
</div>
`;
